// Jest Snapshot v1, https://goo.gl/fbAQLP

exports[`Paginator Component Snapshot - it renders correctly 1`] = `
<View
  style={
    Object {
      "alignItems": "center",
      "flexDirection": "row",
      "fontSize": 18,
      "justifyContent": "center",
      "textAlign": "center",
    }
  }
>
  <View
    accessible={true}
    focusable={true}
    isTVSelectable={true}
    onClick={[Function]}
    onResponderGrant={[Function]}
    onResponderMove={[Function]}
    onResponderRelease={[Function]}
    onResponderTerminate={[Function]}
    onResponderTerminationRequest={[Function]}
    onStartShouldSetResponder={[Function]}
    style={
      Object {
        "opacity": 1,
      }
    }
  >
    <Text
      style={
        Object {
          "borderColor": "#D1529E",
          "borderRadius": 5,
          "borderStyle": "dotted",
          "borderWidth": 1,
          "color": "#D1529E",
          "fontSize": 20,
          "marginHorizontal": 5,
          "paddingHorizontal": 5,
          "textAlignVertical": "center",
        }
      }
    >
      &lt;
    </Text>
  </View>
  <Text
    style={
      Object {
        "color": "#0F406E",
        "fontWeight": "bold",
      }
    }
  >
    1/2
  </Text>
  <View
    accessible={true}
    focusable={true}
    isTVSelectable={true}
    onClick={[Function]}
    onResponderGrant={[Function]}
    onResponderMove={[Function]}
    onResponderRelease={[Function]}
    onResponderTerminate={[Function]}
    onResponderTerminationRequest={[Function]}
    onStartShouldSetResponder={[Function]}
    style={
      Object {
        "opacity": 1,
      }
    }
  >
    <Text
      style={
        Object {
          "borderColor": "#D1529E",
          "borderRadius": 5,
          "borderStyle": "dotted",
          "borderWidth": 1,
          "color": "#D1529E",
          "fontSize": 20,
          "marginHorizontal": 5,
          "paddingHorizontal": 5,
          "textAlignVertical": "center",
        }
      }
    >
      &gt;
    </Text>
  </View>
</View>
`;
