// Jest Snapshot v1, https://goo.gl/fbAQLP

exports[`Paginator Component Snapshot - it renders correctly 1`] = `
<View
  style={
    Object {
      "alignItems": "center",
      "flexDirection": "row",
      "fontSize": 18,
      "justifyContent": "center",
      "textAlign": "center",
    }
  }
>
  <Text
    accessible={true}
    focusable={true}
    onClick={[Function]}
    onResponderGrant={[Function]}
    onResponderMove={[Function]}
    onResponderRelease={[Function]}
    onResponderTerminate={[Function]}
    onResponderTerminationRequest={[Function]}
    onStartShouldSetResponder={[Function]}
  >
    &lt; 
  </Text>
  <Text>
    1/2
  </Text>
  <Text
    accessible={true}
    focusable={true}
    onClick={[Function]}
    onResponderGrant={[Function]}
    onResponderMove={[Function]}
    onResponderRelease={[Function]}
    onResponderTerminate={[Function]}
    onResponderTerminationRequest={[Function]}
    onStartShouldSetResponder={[Function]}
  >
     &gt;
  </Text>
</View>
`;
